---
source: examples/tests/tests.rs
expression: "capture_output(\"from-anyhow\")"
---
Error: fatal error occurred in application, at examples/src/from-anyhow.rs:27:16
|-- failed to run app, at examples/src/from-anyhow.rs:42:14
|-- PORT must be a number; got "not-a-number", at exn-anyhow/src/lib.rs:51:19
`-- invalid digit found in string, at exn-anyhow/src/lib.rs:48:19
