---
source: examples/tests/tests.rs
expression: "capture_output(\"into-std-error\")"
---
Error: failed to start app, at examples/src/into-std-error.rs:36:40
|-- PORT must be a number; got "not-a-number", at examples/src/into-std-error.rs:55:14
`-- invalid digit found in string, at examples/src/into-std-error.rs:55:14
