---
source: examples/tests/tests.rs
expression: "capture_output(\"library-boundary\")"
---
Start demo for user: 429
RateLimited: rate limited by upstream
Retryable error, attempting retry #1

RateLimited: rate limited by upstream
Retryable error, attempting retry #2

RateLimited: rate limited by upstream
Retryable error, attempting retry #3

Action: Retried too many times, aborting
Error: RateLimited: rate limited by upstream, at examples/src/library-boundary.rs:149:13
|-- failed to fetch profile for user 429, at examples/src/library-boundary.rs:170:55
`-- HTTP 429: too many requests, at examples/src/library-boundary.rs:217:24

Start demo for user: 404
Action: Return 404
Error: NotFound: user 404 not found, at examples/src/library-boundary.rs:149:13
|-- failed to fetch profile for user 404, at examples/src/library-boundary.rs:169:47
`-- no row for user_id 404, at examples/src/library-boundary.rs:188:24
