---
source: examples/tests/tests.rs
expression: "capture_output(\"downcast\")"
---
HTTP error with status code: 503
Retryable error, attempting retry #1

HTTP error with status code: 503
Retryable error, attempting retry #2

HTTP error with status code: 503
Retryable error, attempting retry #3

HTTP error with status code: 503
Error: fatal error occurred in application, at examples/src/downcast.rs:54:24
|-- failed to run app, at examples/src/downcast.rs:82:35
`-- HTTP 503: service unavailable, at examples/src/downcast.rs:95:9
